mode: atomic
github.com/HeaInSeo/dag-go/debugonly/debug_stub.go:6.19,6.20 0 0
github.com/HeaInSeo/dag-go/debugonly/debug_stub.go:9.21,9.37 1 0
github.com/HeaInSeo/dag-go/cli/main.go:22.71,25.36 2 0
github.com/HeaInSeo/dag-go/cli/main.go:25.36,27.3 1 0
github.com/HeaInSeo/dag-go/cli/main.go:28.2,31.9 2 0
github.com/HeaInSeo/dag-go/cli/main.go:32.29,33.13 1 0
github.com/HeaInSeo/dag-go/cli/main.go:34.20,35.19 1 0
github.com/HeaInSeo/dag-go/cli/main.go:39.13,41.2 1 0
github.com/HeaInSeo/dag-go/cli/main.go:44.20,46.16 2 0
github.com/HeaInSeo/dag-go/cli/main.go:46.16,47.48 1 0
github.com/HeaInSeo/dag-go/cli/main.go:55.2,62.29 3 0
github.com/HeaInSeo/dag-go/cli/main.go:62.29,64.3 1 0
github.com/HeaInSeo/dag-go/cli/main.go:66.2,73.29 2 0
github.com/HeaInSeo/dag-go/cli/main.go:73.29,74.69 1 0
github.com/HeaInSeo/dag-go/cli/main.go:74.69,75.82 1 0
github.com/HeaInSeo/dag-go/cli/main.go:79.2,79.40 1 0
github.com/HeaInSeo/dag-go/cli/main.go:79.40,80.50 1 0
github.com/HeaInSeo/dag-go/cli/main.go:83.2,86.24 3 0
github.com/HeaInSeo/dag-go/cli/main.go:86.24,87.27 1 0
github.com/HeaInSeo/dag-go/cli/main.go:89.2,89.18 1 0
github.com/HeaInSeo/dag-go/cli/main.go:89.18,90.24 1 0
github.com/HeaInSeo/dag-go/cli/main.go:93.2,93.20 1 0
github.com/HeaInSeo/dag-go/cli/main.go:93.20,94.32 1 0
github.com/HeaInSeo/dag-go/cli/main.go:96.2,97.72 2 0
github.com/HeaInSeo/dag-go/dag.go:291.35,300.2 1 129
github.com/HeaInSeo/dag-go/dag.go:304.20,306.2 1 106
github.com/HeaInSeo/dag-go/dag.go:312.50,313.30 1 146
github.com/HeaInSeo/dag-go/dag.go:313.30,315.3 1 2
github.com/HeaInSeo/dag-go/dag.go:316.2,316.30 1 146
github.com/HeaInSeo/dag-go/dag.go:316.30,318.3 1 2
github.com/HeaInSeo/dag-go/dag.go:319.2,319.26 1 146
github.com/HeaInSeo/dag-go/dag.go:319.26,321.3 1 2
github.com/HeaInSeo/dag-go/dag.go:322.2,322.28 1 146
github.com/HeaInSeo/dag-go/dag.go:322.28,324.3 1 2
github.com/HeaInSeo/dag-go/dag.go:325.2,325.32 1 146
github.com/HeaInSeo/dag-go/dag.go:325.32,327.3 1 3
github.com/HeaInSeo/dag-go/dag.go:329.2,329.12 1 146
github.com/HeaInSeo/dag-go/dag.go:337.46,348.2 3 128
github.com/HeaInSeo/dag-go/dag.go:354.51,357.33 2 16
github.com/HeaInSeo/dag-go/dag.go:357.33,359.3 1 17
github.com/HeaInSeo/dag-go/dag.go:361.2,365.12 4 16
github.com/HeaInSeo/dag-go/dag.go:371.30,373.16 2 71
github.com/HeaInSeo/dag-go/dag.go:373.16,375.3 1 0
github.com/HeaInSeo/dag-go/dag.go:376.2,376.23 1 71
github.com/HeaInSeo/dag-go/dag.go:392.45,395.49 3 39
github.com/HeaInSeo/dag-go/dag.go:395.49,398.3 2 2
github.com/HeaInSeo/dag-go/dag.go:399.2,399.22 1 37
github.com/HeaInSeo/dag-go/dag.go:419.54,422.49 3 4
github.com/HeaInSeo/dag-go/dag.go:422.49,425.3 2 2
github.com/HeaInSeo/dag-go/dag.go:426.2,426.25 1 2
github.com/HeaInSeo/dag-go/dag.go:447.59,453.12 5 26
github.com/HeaInSeo/dag-go/dag.go:453.12,456.3 2 3
github.com/HeaInSeo/dag-go/dag.go:457.2,457.14 1 23
github.com/HeaInSeo/dag-go/dag.go:457.14,459.3 1 1
github.com/HeaInSeo/dag-go/dag.go:461.2,464.18 3 22
github.com/HeaInSeo/dag-go/dag.go:465.25,469.14 2 21
github.com/HeaInSeo/dag-go/dag.go:471.83,473.15 2 1
github.com/HeaInSeo/dag-go/dag.go:475.10,477.15 2 0
github.com/HeaInSeo/dag-go/dag.go:487.96,491.49 3 5
github.com/HeaInSeo/dag-go/dag.go:491.49,493.21 2 2
github.com/HeaInSeo/dag-go/dag.go:493.21,495.4 1 2
github.com/HeaInSeo/dag-go/dag.go:496.3,496.25 1 2
github.com/HeaInSeo/dag-go/dag.go:499.2,499.23 1 3
github.com/HeaInSeo/dag-go/dag.go:499.23,501.39 1 6
github.com/HeaInSeo/dag-go/dag.go:501.39,503.12 2 1
github.com/HeaInSeo/dag-go/dag.go:506.3,507.15 2 5
github.com/HeaInSeo/dag-go/dag.go:507.15,509.12 2 1
github.com/HeaInSeo/dag-go/dag.go:512.3,513.19 2 4
github.com/HeaInSeo/dag-go/dag.go:514.26,517.13 2 3
github.com/HeaInSeo/dag-go/dag.go:519.84,521.33 1 1
github.com/HeaInSeo/dag-go/dag.go:523.11,525.33 1 0
github.com/HeaInSeo/dag-go/dag.go:527.3,527.16 1 4
github.com/HeaInSeo/dag-go/dag.go:529.2,529.34 1 3
github.com/HeaInSeo/dag-go/dag.go:535.61,537.16 2 11
github.com/HeaInSeo/dag-go/dag.go:537.16,539.3 1 0
github.com/HeaInSeo/dag-go/dag.go:540.2,540.23 1 11
github.com/HeaInSeo/dag-go/dag.go:546.51,547.24 1 4
github.com/HeaInSeo/dag-go/dag.go:547.24,550.3 2 4
github.com/HeaInSeo/dag-go/dag.go:569.52,570.24 1 7
github.com/HeaInSeo/dag-go/dag.go:570.24,572.3 1 7
github.com/HeaInSeo/dag-go/dag.go:577.75,578.24 1 1
github.com/HeaInSeo/dag-go/dag.go:578.24,582.3 3 1
github.com/HeaInSeo/dag-go/dag.go:587.41,588.24 1 3
github.com/HeaInSeo/dag-go/dag.go:588.24,590.3 1 3
github.com/HeaInSeo/dag-go/dag.go:597.47,598.24 1 1
github.com/HeaInSeo/dag-go/dag.go:598.24,600.3 1 1
github.com/HeaInSeo/dag-go/dag.go:610.49,616.18 2 1
github.com/HeaInSeo/dag-go/dag.go:616.18,618.13 2 4
github.com/HeaInSeo/dag-go/dag.go:618.13,620.37 2 4
github.com/HeaInSeo/dag-go/dag.go:620.37,622.12 1 4
github.com/HeaInSeo/dag-go/dag.go:623.28,623.28 0 0
github.com/HeaInSeo/dag-go/dag.go:624.13,625.41 1 4
github.com/HeaInSeo/dag-go/dag.go:631.2,631.13 1 1
github.com/HeaInSeo/dag-go/dag.go:637.47,639.2 1 4
github.com/HeaInSeo/dag-go/dag.go:645.33,646.24 1 1
github.com/HeaInSeo/dag-go/dag.go:646.24,646.46 1 1
github.com/HeaInSeo/dag-go/dag.go:647.2,647.13 1 1
github.com/HeaInSeo/dag-go/dag.go:658.42,663.34 3 87
github.com/HeaInSeo/dag-go/dag.go:663.34,667.3 3 1
github.com/HeaInSeo/dag-go/dag.go:670.2,670.26 1 87
github.com/HeaInSeo/dag-go/dag.go:670.26,672.3 1 1
github.com/HeaInSeo/dag-go/dag.go:673.2,674.17 2 86
github.com/HeaInSeo/dag-go/dag.go:674.17,676.3 1 0
github.com/HeaInSeo/dag-go/dag.go:677.2,682.17 4 86
github.com/HeaInSeo/dag-go/dag.go:691.40,692.27 1 275
github.com/HeaInSeo/dag-go/dag.go:692.27,698.3 2 192
github.com/HeaInSeo/dag-go/dag.go:707.60,711.23 3 5
github.com/HeaInSeo/dag-go/dag.go:711.23,713.3 1 0
github.com/HeaInSeo/dag-go/dag.go:714.2,717.6 3 5
github.com/HeaInSeo/dag-go/dag.go:717.6,718.10 1 10
github.com/HeaInSeo/dag-go/dag.go:719.24,720.11 1 6
github.com/HeaInSeo/dag-go/dag.go:720.11,723.5 1 1
github.com/HeaInSeo/dag-go/dag.go:724.4,724.28 1 5
github.com/HeaInSeo/dag-go/dag.go:725.18,726.15 1 1
github.com/HeaInSeo/dag-go/dag.go:727.21,728.15 1 3
github.com/HeaInSeo/dag-go/dag.go:734.83,735.67 1 2242
github.com/HeaInSeo/dag-go/dag.go:735.67,737.3 1 2
github.com/HeaInSeo/dag-go/dag.go:740.2,740.46 1 2240
github.com/HeaInSeo/dag-go/dag.go:740.46,742.3 1 5
github.com/HeaInSeo/dag-go/dag.go:744.2,751.21 3 2235
github.com/HeaInSeo/dag-go/dag.go:755.64,756.15 1 60506
github.com/HeaInSeo/dag-go/dag.go:756.15,758.3 1 0
github.com/HeaInSeo/dag-go/dag.go:759.2,759.35 1 60506
github.com/HeaInSeo/dag-go/dag.go:759.35,761.3 1 7
github.com/HeaInSeo/dag-go/dag.go:761.8,763.3 1 60499
github.com/HeaInSeo/dag-go/dag.go:767.33,768.33 1 65
github.com/HeaInSeo/dag-go/dag.go:768.33,770.3 1 40156
github.com/HeaInSeo/dag-go/dag.go:771.2,772.36 2 65
github.com/HeaInSeo/dag-go/dag.go:772.36,774.3 1 20220
github.com/HeaInSeo/dag-go/dag.go:775.2,775.40 1 65
github.com/HeaInSeo/dag-go/dag.go:780.85,781.30 1 3
github.com/HeaInSeo/dag-go/dag.go:781.30,782.53 1 3
github.com/HeaInSeo/dag-go/dag.go:782.53,784.4 1 2
github.com/HeaInSeo/dag-go/dag.go:786.2,786.12 1 1
github.com/HeaInSeo/dag-go/dag.go:796.36,798.20 2 28
github.com/HeaInSeo/dag-go/dag.go:798.20,800.3 1 1
github.com/HeaInSeo/dag-go/dag.go:801.2,802.53 2 27
github.com/HeaInSeo/dag-go/dag.go:809.39,811.2 1 26
github.com/HeaInSeo/dag-go/dag.go:816.32,818.2 1 4
github.com/HeaInSeo/dag-go/dag.go:822.33,828.2 5 3
github.com/HeaInSeo/dag-go/dag.go:832.38,835.26 3 2
github.com/HeaInSeo/dag-go/dag.go:835.26,837.3 1 1
github.com/HeaInSeo/dag-go/dag.go:838.2,838.25 1 1
github.com/HeaInSeo/dag-go/dag.go:843.36,846.24 3 2
github.com/HeaInSeo/dag-go/dag.go:846.24,848.3 1 1
github.com/HeaInSeo/dag-go/dag.go:849.2,849.23 1 1
github.com/HeaInSeo/dag-go/dag.go:855.45,859.19 3 24
github.com/HeaInSeo/dag-go/dag.go:859.19,861.3 1 0
github.com/HeaInSeo/dag-go/dag.go:862.2,862.38 1 24
github.com/HeaInSeo/dag-go/dag.go:862.38,865.3 2 2
github.com/HeaInSeo/dag-go/dag.go:866.2,866.27 1 22
github.com/HeaInSeo/dag-go/dag.go:872.89,876.19 3 5
github.com/HeaInSeo/dag-go/dag.go:876.19,878.3 1 0
github.com/HeaInSeo/dag-go/dag.go:879.2,879.38 1 5
github.com/HeaInSeo/dag-go/dag.go:879.38,882.3 2 2
github.com/HeaInSeo/dag-go/dag.go:883.2,883.14 1 3
github.com/HeaInSeo/dag-go/dag.go:883.14,885.3 1 2
github.com/HeaInSeo/dag-go/dag.go:886.2,886.27 1 1
github.com/HeaInSeo/dag-go/dag.go:890.45,892.40 1 1313
github.com/HeaInSeo/dag-go/dag.go:892.40,894.3 1 2
github.com/HeaInSeo/dag-go/dag.go:896.2,901.38 4 1311
github.com/HeaInSeo/dag-go/dag.go:901.38,903.3 1 1162
github.com/HeaInSeo/dag-go/dag.go:905.2,905.13 1 1311
github.com/HeaInSeo/dag-go/dag.go:908.74,910.40 1 2
github.com/HeaInSeo/dag-go/dag.go:910.40,912.3 1 1
github.com/HeaInSeo/dag-go/dag.go:914.2,920.38 5 1
github.com/HeaInSeo/dag-go/dag.go:920.38,922.3 1 1
github.com/HeaInSeo/dag-go/dag.go:924.2,924.13 1 1
github.com/HeaInSeo/dag-go/dag.go:930.46,931.16 1 1182
github.com/HeaInSeo/dag-go/dag.go:931.16,933.3 1 5
github.com/HeaInSeo/dag-go/dag.go:934.2,934.31 1 1177
github.com/HeaInSeo/dag-go/dag.go:934.31,936.3 1 4
github.com/HeaInSeo/dag-go/dag.go:937.2,937.29 1 1173
github.com/HeaInSeo/dag-go/dag.go:937.29,939.3 1 3
github.com/HeaInSeo/dag-go/dag.go:940.2,940.12 1 1170
github.com/HeaInSeo/dag-go/dag.go:945.48,946.51 1 1157
github.com/HeaInSeo/dag-go/dag.go:946.51,949.3 2 10
github.com/HeaInSeo/dag-go/dag.go:951.2,955.34 3 1147
github.com/HeaInSeo/dag-go/dag.go:955.34,959.3 3 9
github.com/HeaInSeo/dag-go/dag.go:963.2,963.27 1 1147
github.com/HeaInSeo/dag-go/dag.go:963.27,965.3 1 1
github.com/HeaInSeo/dag-go/dag.go:966.2,966.19 1 1146
github.com/HeaInSeo/dag-go/dag.go:966.19,968.3 1 0
github.com/HeaInSeo/dag-go/dag.go:976.2,976.21 1 1146
github.com/HeaInSeo/dag-go/dag.go:976.21,978.3 1 1
github.com/HeaInSeo/dag-go/dag.go:979.2,979.38 1 1145
github.com/HeaInSeo/dag-go/dag.go:979.38,981.3 1 4
github.com/HeaInSeo/dag-go/dag.go:984.2,984.52 1 1141
github.com/HeaInSeo/dag-go/dag.go:984.52,985.41 1 2282
github.com/HeaInSeo/dag-go/dag.go:985.41,987.4 1 1144
github.com/HeaInSeo/dag-go/dag.go:988.3,989.18 2 1138
github.com/HeaInSeo/dag-go/dag.go:989.18,991.4 1 0
github.com/HeaInSeo/dag-go/dag.go:992.3,992.19 1 1138
github.com/HeaInSeo/dag-go/dag.go:995.2,996.16 2 1141
github.com/HeaInSeo/dag-go/dag.go:996.16,998.3 1 0
github.com/HeaInSeo/dag-go/dag.go:999.2,1000.16 2 1141
github.com/HeaInSeo/dag-go/dag.go:1000.16,1002.3 1 0
github.com/HeaInSeo/dag-go/dag.go:1005.2,1006.38 2 1141
github.com/HeaInSeo/dag-go/dag.go:1006.38,1008.3 1 3
github.com/HeaInSeo/dag-go/dag.go:1009.2,1009.17 1 1138
github.com/HeaInSeo/dag-go/dag.go:1009.17,1011.3 1 0
github.com/HeaInSeo/dag-go/dag.go:1014.2,1019.12 5 1138
github.com/HeaInSeo/dag-go/dag.go:1023.60,1024.51 1 25
github.com/HeaInSeo/dag-go/dag.go:1024.51,1027.3 2 2
github.com/HeaInSeo/dag-go/dag.go:1029.2,1033.34 3 23
github.com/HeaInSeo/dag-go/dag.go:1033.34,1037.3 3 5
github.com/HeaInSeo/dag-go/dag.go:1041.2,1041.27 1 23
github.com/HeaInSeo/dag-go/dag.go:1041.27,1043.3 1 1
github.com/HeaInSeo/dag-go/dag.go:1044.2,1044.19 1 22
github.com/HeaInSeo/dag-go/dag.go:1044.19,1046.3 1 0
github.com/HeaInSeo/dag-go/dag.go:1049.2,1049.21 1 22
github.com/HeaInSeo/dag-go/dag.go:1049.21,1051.3 1 1
github.com/HeaInSeo/dag-go/dag.go:1052.2,1052.38 1 21
github.com/HeaInSeo/dag-go/dag.go:1052.38,1054.3 1 2
github.com/HeaInSeo/dag-go/dag.go:1057.2,1057.44 1 19
github.com/HeaInSeo/dag-go/dag.go:1057.44,1058.41 1 38
github.com/HeaInSeo/dag-go/dag.go:1058.41,1060.4 1 37
github.com/HeaInSeo/dag-go/dag.go:1061.3,1061.64 1 1
github.com/HeaInSeo/dag-go/dag.go:1064.2,1065.16 2 19
github.com/HeaInSeo/dag-go/dag.go:1065.16,1067.3 1 0
github.com/HeaInSeo/dag-go/dag.go:1068.2,1069.16 2 19
github.com/HeaInSeo/dag-go/dag.go:1069.16,1071.3 1 1
github.com/HeaInSeo/dag-go/dag.go:1074.2,1075.38 2 18
github.com/HeaInSeo/dag-go/dag.go:1075.38,1077.3 1 0
github.com/HeaInSeo/dag-go/dag.go:1078.2,1078.17 1 18
github.com/HeaInSeo/dag-go/dag.go:1078.17,1080.3 1 0
github.com/HeaInSeo/dag-go/dag.go:1083.2,1088.12 5 18
github.com/HeaInSeo/dag-go/dag.go:1092.58,1094.34 1 1081
github.com/HeaInSeo/dag-go/dag.go:1094.34,1098.3 3 3
github.com/HeaInSeo/dag-go/dag.go:1101.2,1101.21 1 1081
github.com/HeaInSeo/dag-go/dag.go:1101.21,1103.3 1 1
github.com/HeaInSeo/dag-go/dag.go:1104.2,1104.19 1 1080
github.com/HeaInSeo/dag-go/dag.go:1104.19,1106.3 1 1
github.com/HeaInSeo/dag-go/dag.go:1109.2,1110.38 2 1079
github.com/HeaInSeo/dag-go/dag.go:1110.38,1112.3 1 1
github.com/HeaInSeo/dag-go/dag.go:1113.2,1113.17 1 1078
github.com/HeaInSeo/dag-go/dag.go:1113.17,1115.3 1 0
github.com/HeaInSeo/dag-go/dag.go:1118.2,1125.12 5 1078
github.com/HeaInSeo/dag-go/dag.go:1131.46,1132.26 1 67
github.com/HeaInSeo/dag-go/dag.go:1132.26,1133.47 1 1199
github.com/HeaInSeo/dag-go/dag.go:1133.47,1134.12 1 1198
github.com/HeaInSeo/dag-go/dag.go:1136.3,1136.43 1 1
github.com/HeaInSeo/dag-go/dag.go:1136.43,1137.12 1 0
github.com/HeaInSeo/dag-go/dag.go:1139.3,1139.22 1 1
github.com/HeaInSeo/dag-go/dag.go:1139.22,1141.4 1 0
github.com/HeaInSeo/dag-go/dag.go:1142.3,1142.69 1 1
github.com/HeaInSeo/dag-go/dag.go:1144.2,1144.12 1 66
github.com/HeaInSeo/dag-go/dag.go:1149.52,1151.26 2 66
github.com/HeaInSeo/dag-go/dag.go:1151.26,1152.24 1 1195
github.com/HeaInSeo/dag-go/dag.go:1152.24,1153.12 1 66
github.com/HeaInSeo/dag-go/dag.go:1155.3,1155.23 1 1129
github.com/HeaInSeo/dag-go/dag.go:1155.23,1157.4 1 1
github.com/HeaInSeo/dag-go/dag.go:1159.2,1159.12 1 65
github.com/HeaInSeo/dag-go/dag.go:1164.55,1165.26 1 71
github.com/HeaInSeo/dag-go/dag.go:1165.26,1167.3 1 4
github.com/HeaInSeo/dag-go/dag.go:1168.2,1168.50 1 67
github.com/HeaInSeo/dag-go/dag.go:1168.50,1170.3 1 1
github.com/HeaInSeo/dag-go/dag.go:1171.2,1171.51 1 66
github.com/HeaInSeo/dag-go/dag.go:1171.51,1173.3 1 1
github.com/HeaInSeo/dag-go/dag.go:1175.2,1175.22 1 65
github.com/HeaInSeo/dag-go/dag.go:1175.22,1177.3 1 3
github.com/HeaInSeo/dag-go/dag.go:1178.2,1178.12 1 62
github.com/HeaInSeo/dag-go/dag.go:1182.35,1187.34 3 76
github.com/HeaInSeo/dag-go/dag.go:1187.34,1191.3 3 14
github.com/HeaInSeo/dag-go/dag.go:1195.2,1195.27 1 76
github.com/HeaInSeo/dag-go/dag.go:1195.27,1197.3 1 1
github.com/HeaInSeo/dag-go/dag.go:1198.2,1198.19 1 75
github.com/HeaInSeo/dag-go/dag.go:1198.19,1200.3 1 1
github.com/HeaInSeo/dag-go/dag.go:1201.2,1201.25 1 74
github.com/HeaInSeo/dag-go/dag.go:1201.25,1203.3 1 3
github.com/HeaInSeo/dag-go/dag.go:1206.2,1207.30 2 71
github.com/HeaInSeo/dag-go/dag.go:1207.30,1209.3 1 1208
github.com/HeaInSeo/dag-go/dag.go:1215.2,1215.52 1 71
github.com/HeaInSeo/dag-go/dag.go:1215.52,1217.3 1 9
github.com/HeaInSeo/dag-go/dag.go:1222.2,1223.24 2 62
github.com/HeaInSeo/dag-go/dag.go:1223.24,1225.3 1 0
github.com/HeaInSeo/dag-go/dag.go:1229.2,1232.26 2 62
github.com/HeaInSeo/dag-go/dag.go:1232.26,1233.46 1 1182
github.com/HeaInSeo/dag-go/dag.go:1233.46,1234.57 1 1077
github.com/HeaInSeo/dag-go/dag.go:1234.57,1236.5 1 0
github.com/HeaInSeo/dag-go/dag.go:1240.2,1241.12 2 62
github.com/HeaInSeo/dag-go/dag.go:1246.25,1253.30 3 23
github.com/HeaInSeo/dag-go/dag.go:1253.30,1261.3 7 19053
github.com/HeaInSeo/dag-go/dag.go:1265.2,1265.26 1 23
github.com/HeaInSeo/dag-go/dag.go:1265.26,1271.3 3 23
github.com/HeaInSeo/dag-go/dag.go:1276.2,1276.33 1 23
github.com/HeaInSeo/dag-go/dag.go:1276.33,1278.56 2 38012
github.com/HeaInSeo/dag-go/dag.go:1278.56,1282.4 3 38012
github.com/HeaInSeo/dag-go/dag.go:1283.3,1283.53 1 38012
github.com/HeaInSeo/dag-go/dag.go:1283.53,1287.4 3 38012
github.com/HeaInSeo/dag-go/dag.go:1292.2,1306.24 7 23
github.com/HeaInSeo/dag-go/dag.go:1327.25,1330.24 3 23
github.com/HeaInSeo/dag-go/dag.go:1330.24,1333.3 2 1
github.com/HeaInSeo/dag-go/dag.go:1334.2,1334.13 1 22
github.com/HeaInSeo/dag-go/dag.go:1339.32,1342.24 3 2
github.com/HeaInSeo/dag-go/dag.go:1342.24,1344.3 1 1
github.com/HeaInSeo/dag-go/dag.go:1345.2,1346.12 2 1
github.com/HeaInSeo/dag-go/dag.go:1354.40,1358.49 3 71
github.com/HeaInSeo/dag-go/dag.go:1358.49,1360.3 1 1
github.com/HeaInSeo/dag-go/dag.go:1361.2,1361.24 1 70
github.com/HeaInSeo/dag-go/dag.go:1361.24,1363.3 1 1
github.com/HeaInSeo/dag-go/dag.go:1364.2,1364.30 1 69
github.com/HeaInSeo/dag-go/dag.go:1364.30,1366.3 1 20234
github.com/HeaInSeo/dag-go/dag.go:1367.2,1367.12 1 69
github.com/HeaInSeo/dag-go/dag.go:1372.38,1373.45 1 69
github.com/HeaInSeo/dag-go/dag.go:1373.45,1376.3 2 1
github.com/HeaInSeo/dag-go/dag.go:1377.2,1377.13 1 68
github.com/HeaInSeo/dag-go/dag.go:1392.54,1393.16 1 69
github.com/HeaInSeo/dag-go/dag.go:1393.16,1395.3 1 0
github.com/HeaInSeo/dag-go/dag.go:1397.2,1401.11 4 69
github.com/HeaInSeo/dag-go/dag.go:1401.11,1403.3 1 1
github.com/HeaInSeo/dag-go/dag.go:1404.2,1404.20 1 68
github.com/HeaInSeo/dag-go/dag.go:1404.20,1406.3 1 1
github.com/HeaInSeo/dag-go/dag.go:1407.2,1407.48 1 67
github.com/HeaInSeo/dag-go/dag.go:1407.48,1409.3 1 0
github.com/HeaInSeo/dag-go/dag.go:1411.2,1411.27 1 67
github.com/HeaInSeo/dag-go/dag.go:1411.27,1413.3 1 1
github.com/HeaInSeo/dag-go/dag.go:1416.2,1416.30 1 66
github.com/HeaInSeo/dag-go/dag.go:1416.30,1417.22 1 20224
github.com/HeaInSeo/dag-go/dag.go:1417.22,1419.4 1 1
github.com/HeaInSeo/dag-go/dag.go:1427.2,1427.42 1 65
github.com/HeaInSeo/dag-go/dag.go:1427.42,1430.3 1 1
github.com/HeaInSeo/dag-go/dag.go:1431.2,1431.56 1 64
github.com/HeaInSeo/dag-go/dag.go:1431.56,1433.3 1 1
github.com/HeaInSeo/dag-go/dag.go:1434.2,1442.30 5 63
github.com/HeaInSeo/dag-go/dag.go:1442.30,1446.54 4 20217
github.com/HeaInSeo/dag-go/dag.go:1446.54,1449.4 2 20217
github.com/HeaInSeo/dag-go/dag.go:1452.2,1453.12 2 63
github.com/HeaInSeo/dag-go/dag.go:1456.51,1457.33 1 64
github.com/HeaInSeo/dag-go/dag.go:1457.33,1458.29 1 40153
github.com/HeaInSeo/dag-go/dag.go:1458.29,1460.4 1 0
github.com/HeaInSeo/dag-go/dag.go:1461.3,1461.33 1 40153
github.com/HeaInSeo/dag-go/dag.go:1461.33,1463.4 1 1
github.com/HeaInSeo/dag-go/dag.go:1465.2,1465.12 1 63
github.com/HeaInSeo/dag-go/dag.go:1469.52,1470.43 1 66
github.com/HeaInSeo/dag-go/dag.go:1470.43,1473.3 2 4
github.com/HeaInSeo/dag-go/dag.go:1474.2,1474.13 1 62
github.com/HeaInSeo/dag-go/dag.go:1489.32,1498.41 5 67
github.com/HeaInSeo/dag-go/dag.go:1498.41,1500.3 1 2
github.com/HeaInSeo/dag-go/dag.go:1502.2,1502.46 1 65
github.com/HeaInSeo/dag-go/dag.go:1502.46,1504.3 1 2
github.com/HeaInSeo/dag-go/dag.go:1505.2,1505.26 1 63
github.com/HeaInSeo/dag-go/dag.go:1505.26,1509.3 3 1
github.com/HeaInSeo/dag-go/dag.go:1510.2,1511.12 2 62
github.com/HeaInSeo/dag-go/dag.go:1515.30,1516.37 1 62
github.com/HeaInSeo/dag-go/dag.go:1516.37,1519.3 2 2
github.com/HeaInSeo/dag-go/dag.go:1520.2,1520.13 1 60
github.com/HeaInSeo/dag-go/dag.go:1538.48,1540.2 1 60
github.com/HeaInSeo/dag-go/dag.go:1543.50,1544.16 1 64
github.com/HeaInSeo/dag-go/dag.go:1544.16,1546.3 1 0
github.com/HeaInSeo/dag-go/dag.go:1548.2,1548.27 1 64
github.com/HeaInSeo/dag-go/dag.go:1548.27,1550.3 1 1
github.com/HeaInSeo/dag-go/dag.go:1562.2,1562.15 1 63
github.com/HeaInSeo/dag-go/dag.go:1562.15,1566.3 3 63
github.com/HeaInSeo/dag-go/dag.go:1569.2,1571.18 3 63
github.com/HeaInSeo/dag-go/dag.go:1571.18,1573.3 1 1
github.com/HeaInSeo/dag-go/dag.go:1573.8,1575.3 1 62
github.com/HeaInSeo/dag-go/dag.go:1576.2,1582.12 3 63
github.com/HeaInSeo/dag-go/dag.go:1582.12,1584.3 1 63
github.com/HeaInSeo/dag-go/dag.go:1586.2,1586.6 1 63
github.com/HeaInSeo/dag-go/dag.go:1586.6,1587.10 1 60489
github.com/HeaInSeo/dag-go/dag.go:1588.28,1591.11 1 0
github.com/HeaInSeo/dag-go/dag.go:1591.11,1593.5 1 0
github.com/HeaInSeo/dag-go/dag.go:1595.48,1596.11 1 60486
github.com/HeaInSeo/dag-go/dag.go:1596.11,1599.5 1 0
github.com/HeaInSeo/dag-go/dag.go:1601.4,1601.27 1 60486
github.com/HeaInSeo/dag-go/dag.go:1601.27,1609.35 3 166
github.com/HeaInSeo/dag-go/dag.go:1609.35,1611.6 1 7
github.com/HeaInSeo/dag-go/dag.go:1612.5,1612.29 1 159
github.com/HeaInSeo/dag-go/dag.go:1612.29,1614.6 1 53
github.com/HeaInSeo/dag-go/dag.go:1615.10,1617.5 1 60320
github.com/HeaInSeo/dag-go/dag.go:1618.25,1620.67 2 3
github.com/HeaInSeo/dag-go/dag.go:1628.50,1630.2 1 4
github.com/HeaInSeo/dag-go/dag.go:1642.18,1647.3 1 23
github.com/HeaInSeo/dag-go/dag.go:1653.51,1656.22 3 66
github.com/HeaInSeo/dag-go/dag.go:1656.22,1657.32 1 1204
github.com/HeaInSeo/dag-go/dag.go:1657.32,1659.4 1 10
github.com/HeaInSeo/dag-go/dag.go:1660.3,1661.36 2 1194
github.com/HeaInSeo/dag-go/dag.go:1661.36,1663.4 1 1138
github.com/HeaInSeo/dag-go/dag.go:1665.2,1666.16 2 66
github.com/HeaInSeo/dag-go/dag.go:1670.73,1671.23 1 1523
github.com/HeaInSeo/dag-go/dag.go:1671.23,1673.3 1 4
github.com/HeaInSeo/dag-go/dag.go:1674.2,1674.22 1 1519
github.com/HeaInSeo/dag-go/dag.go:1674.22,1676.3 1 309
github.com/HeaInSeo/dag-go/dag.go:1677.2,1680.38 3 1210
github.com/HeaInSeo/dag-go/dag.go:1680.38,1681.47 1 1157
github.com/HeaInSeo/dag-go/dag.go:1681.47,1683.4 1 11
github.com/HeaInSeo/dag-go/dag.go:1686.2,1687.14 2 1199
github.com/HeaInSeo/dag-go/dag.go:1694.33,1704.33 5 68
github.com/HeaInSeo/dag-go/dag.go:1704.33,1705.30 1 1203
github.com/HeaInSeo/dag-go/dag.go:1705.30,1706.59 1 366
github.com/HeaInSeo/dag-go/dag.go:1706.59,1708.5 1 4
github.com/HeaInSeo/dag-go/dag.go:1711.2,1711.14 1 64
github.com/HeaInSeo/dag-go/dag.go:1719.33,1723.2 3 3
github.com/HeaInSeo/dag-go/dag.go:1728.29,1729.74 1 20234
github.com/HeaInSeo/dag-go/dag.go:1729.74,1734.39 1 20217
github.com/HeaInSeo/dag-go/dag.go:1734.39,1736.41 2 60606
github.com/HeaInSeo/dag-go/dag.go:1736.41,1738.5 1 3
github.com/HeaInSeo/dag-go/dag.go:1744.3,1745.25 2 20217
github.com/HeaInSeo/dag-go/dag.go:1745.25,1747.4 1 20217
github.com/HeaInSeo/dag-go/dag.go:1748.3,1748.63 1 20217
github.com/HeaInSeo/dag-go/dag.go:1748.63,1755.4 6 0
github.com/HeaInSeo/dag-go/dag.go:1759.3,1759.74 1 20217
github.com/HeaInSeo/dag-go/dag.go:1759.74,1761.4 1 0
github.com/HeaInSeo/dag-go/dag.go:1766.3,1767.36 2 20217
github.com/HeaInSeo/dag-go/dag.go:1767.36,1768.53 1 17
github.com/HeaInSeo/dag-go/dag.go:1768.53,1771.76 1 14
github.com/HeaInSeo/dag-go/dag.go:1771.76,1773.6 1 0
github.com/HeaInSeo/dag-go/dag.go:1774.5,1776.30 3 14
github.com/HeaInSeo/dag-go/dag.go:1777.10,1779.75 1 3
github.com/HeaInSeo/dag-go/dag.go:1779.75,1781.6 1 0
github.com/HeaInSeo/dag-go/dag.go:1782.5,1782.19 1 3
github.com/HeaInSeo/dag-go/dag.go:1784.4,1787.10 4 17
github.com/HeaInSeo/dag-go/dag.go:1789.3,1797.56 3 20200
github.com/HeaInSeo/dag-go/dag.go:1797.56,1798.11 1 20200
github.com/HeaInSeo/dag-go/dag.go:1799.34,1800.18 1 20200
github.com/HeaInSeo/dag-go/dag.go:1800.18,1800.34 1 20200
github.com/HeaInSeo/dag-go/dag.go:1801.22,1804.75 3 0
github.com/HeaInSeo/dag-go/dag.go:1804.75,1806.6 1 0
github.com/HeaInSeo/dag-go/dag.go:1807.5,1810.11 4 0
github.com/HeaInSeo/dag-go/dag.go:1824.3,1830.10 6 20200
github.com/HeaInSeo/dag-go/dag.go:1831.24,1832.63 1 3
github.com/HeaInSeo/dag-go/dag.go:1833.68,1834.85 1 20060
github.com/HeaInSeo/dag-go/dag.go:1835.11,1836.49 1 137
github.com/HeaInSeo/dag-go/dag.go:1838.3,1843.35 4 20200
github.com/HeaInSeo/dag-go/dag.go:1843.35,1844.74 1 11
github.com/HeaInSeo/dag-go/dag.go:1844.74,1846.5 1 0
github.com/HeaInSeo/dag-go/dag.go:1847.4,1850.10 4 11
github.com/HeaInSeo/dag-go/dag.go:1852.3,1857.37 4 20189
github.com/HeaInSeo/dag-go/dag.go:1857.37,1858.74 1 0
github.com/HeaInSeo/dag-go/dag.go:1858.74,1860.5 1 0
github.com/HeaInSeo/dag-go/dag.go:1861.9,1862.77 1 20189
github.com/HeaInSeo/dag-go/dag.go:1862.77,1864.5 1 0
github.com/HeaInSeo/dag-go/dag.go:1866.3,1866.25 1 20189
github.com/HeaInSeo/dag-go/dag.go:1871.49,1873.29 1 64
github.com/HeaInSeo/dag-go/dag.go:1873.29,1875.3 1 1
github.com/HeaInSeo/dag-go/dag.go:1877.2,1877.52 1 63
github.com/HeaInSeo/dag-go/dag.go:1885.112,1888.30 2 63
github.com/HeaInSeo/dag-go/dag.go:1888.30,1889.22 1 20217
github.com/HeaInSeo/dag-go/dag.go:1889.22,1890.37 1 20217
github.com/HeaInSeo/dag-go/dag.go:1890.37,1891.41 1 60543
github.com/HeaInSeo/dag-go/dag.go:1891.41,1894.6 2 43
github.com/HeaInSeo/dag-go/dag.go:1896.4,1896.14 1 20174
github.com/HeaInSeo/dag-go/dag.go:1900.2,1900.25 1 63
github.com/HeaInSeo/dag-go/dag.go:1932.36,1938.28 4 3
github.com/HeaInSeo/dag-go/dag.go:1938.28,1940.3 1 10
github.com/HeaInSeo/dag-go/dag.go:1941.2,1949.33 5 3
github.com/HeaInSeo/dag-go/dag.go:1949.33,1952.3 2 7
github.com/HeaInSeo/dag-go/dag.go:1955.2,1955.33 1 3
github.com/HeaInSeo/dag-go/dag.go:1955.33,1957.3 1 7
github.com/HeaInSeo/dag-go/dag.go:1959.2,1959.20 1 3
github.com/HeaInSeo/dag-go/dag.go:1966.120,1967.21 1 14
github.com/HeaInSeo/dag-go/dag.go:1967.21,1969.3 1 4
github.com/HeaInSeo/dag-go/dag.go:1970.2,1972.16 3 10
github.com/HeaInSeo/dag-go/dag.go:1973.26,1974.73 1 6
github.com/HeaInSeo/dag-go/dag.go:1975.10,1976.88 1 4
github.com/HeaInSeo/dag-go/dag.go:1984.54,1985.14 1 4
github.com/HeaInSeo/dag-go/dag.go:1985.14,1986.36 1 4
github.com/HeaInSeo/dag-go/dag.go:1986.36,1988.4 1 1
github.com/HeaInSeo/dag-go/dag.go:1990.2,1990.35 1 3
github.com/HeaInSeo/dag-go/dag.go:1996.56,2001.25 3 3
github.com/HeaInSeo/dag-go/dag.go:2001.25,2005.3 3 10
github.com/HeaInSeo/dag-go/dag.go:2009.2,2011.25 3 3
github.com/HeaInSeo/dag-go/dag.go:2011.25,2013.23 2 10
github.com/HeaInSeo/dag-go/dag.go:2013.23,2016.4 2 0
github.com/HeaInSeo/dag-go/dag.go:2016.9,2018.4 1 10
github.com/HeaInSeo/dag-go/dag.go:2020.2,2020.15 1 3
github.com/HeaInSeo/dag-go/dag.go:2026.40,2029.23 3 10
github.com/HeaInSeo/dag-go/dag.go:2029.23,2030.93 1 71
github.com/HeaInSeo/dag-go/dag.go:2030.93,2032.4 1 69
github.com/HeaInSeo/dag-go/dag.go:2032.9,2034.4 1 2
github.com/HeaInSeo/dag-go/dag.go:2036.2,2036.19 1 10
github.com/HeaInSeo/dag-go/dag.go:2044.42,2049.2 4 10
github.com/HeaInSeo/dag-go/dag.go:2068.48,2069.21 1 6
github.com/HeaInSeo/dag-go/dag.go:2069.21,2071.3 1 1
github.com/HeaInSeo/dag-go/dag.go:2072.2,2072.32 1 5
github.com/HeaInSeo/dag-go/dag.go:2072.32,2074.3 1 1
github.com/HeaInSeo/dag-go/dag.go:2076.2,2093.32 5 4
github.com/HeaInSeo/dag-go/dag.go:2093.32,2095.18 2 12
github.com/HeaInSeo/dag-go/dag.go:2096.18,2097.27 1 3
github.com/HeaInSeo/dag-go/dag.go:2098.16,2099.25 1 3
github.com/HeaInSeo/dag-go/dag.go:2104.2,2110.29 2 4
github.com/HeaInSeo/dag-go/dag.go:2110.29,2114.3 1 3
github.com/HeaInSeo/dag-go/dag.go:2115.2,2115.36 1 4
github.com/HeaInSeo/dag-go/dag.go:2115.36,2117.59 2 8
github.com/HeaInSeo/dag-go/dag.go:2117.59,2119.4 1 8
github.com/HeaInSeo/dag-go/dag.go:2120.3,2120.56 1 8
github.com/HeaInSeo/dag-go/dag.go:2120.56,2122.4 1 8
github.com/HeaInSeo/dag-go/dag.go:2125.2,2125.15 1 4
github.com/HeaInSeo/dag-go/dag.go:2129.57,2131.30 1 9
github.com/HeaInSeo/dag-go/dag.go:2131.30,2133.3 1 0
github.com/HeaInSeo/dag-go/dag.go:2136.2,2137.35 2 9
github.com/HeaInSeo/dag-go/dag.go:2137.35,2144.3 2 180
github.com/HeaInSeo/dag-go/dag.go:2147.2,2147.35 1 9
github.com/HeaInSeo/dag-go/dag.go:2147.35,2154.35 4 180
github.com/HeaInSeo/dag-go/dag.go:2154.35,2155.51 1 391
github.com/HeaInSeo/dag-go/dag.go:2155.51,2157.5 1 391
github.com/HeaInSeo/dag-go/dag.go:2160.3,2160.36 1 180
github.com/HeaInSeo/dag-go/dag.go:2160.36,2161.49 1 391
github.com/HeaInSeo/dag-go/dag.go:2161.49,2163.5 1 391
github.com/HeaInSeo/dag-go/dag.go:2168.2,2169.35 2 9
github.com/HeaInSeo/dag-go/dag.go:2169.35,2175.3 1 391
github.com/HeaInSeo/dag-go/dag.go:2177.2,2177.27 1 9
github.com/HeaInSeo/dag-go/dag.go:2180.63,2181.29 1 2240
github.com/HeaInSeo/dag-go/dag.go:2181.29,2182.59 1 1999501
github.com/HeaInSeo/dag-go/dag.go:2182.59,2184.4 1 5
github.com/HeaInSeo/dag-go/dag.go:2186.2,2186.14 1 2235
github.com/HeaInSeo/dag-go/node.go:65.45,69.2 3 16
github.com/HeaInSeo/dag-go/node.go:72.39,76.2 3 40183
github.com/HeaInSeo/dag-go/node.go:86.50,87.14 1 41047
github.com/HeaInSeo/dag-go/node.go:88.25,89.60 1 20522
github.com/HeaInSeo/dag-go/node.go:90.25,94.88 1 20322
github.com/HeaInSeo/dag-go/node.go:95.10,97.15 1 203
github.com/HeaInSeo/dag-go/node.go:108.59,109.34 1 41047
github.com/HeaInSeo/dag-go/node.go:109.34,111.3 1 204
github.com/HeaInSeo/dag-go/node.go:112.2,114.22 3 40843
github.com/HeaInSeo/dag-go/node.go:114.22,116.3 1 399
github.com/HeaInSeo/dag-go/node.go:117.2,118.13 2 40444
github.com/HeaInSeo/dag-go/node.go:122.37,126.2 3 20478
github.com/HeaInSeo/dag-go/node.go:129.33,133.2 3 60314
github.com/HeaInSeo/dag-go/node.go:140.42,141.34 1 20215
github.com/HeaInSeo/dag-go/node.go:141.34,143.56 2 40151
github.com/HeaInSeo/dag-go/node.go:143.56,146.4 2 2
github.com/HeaInSeo/dag-go/node.go:148.2,148.13 1 20213
github.com/HeaInSeo/dag-go/node.go:152.32,153.64 1 20165
github.com/HeaInSeo/dag-go/node.go:153.64,155.3 1 20091
github.com/HeaInSeo/dag-go/node.go:165.36,167.2 1 31
github.com/HeaInSeo/dag-go/node.go:169.36,171.2 1 4
github.com/HeaInSeo/dag-go/node.go:181.16,182.22 1 40248
github.com/HeaInSeo/dag-go/node.go:182.22,184.10 2 40248
github.com/HeaInSeo/dag-go/node.go:185.36,186.57 1 40240
github.com/HeaInSeo/dag-go/node.go:186.57,188.5 1 16
github.com/HeaInSeo/dag-go/node.go:189.4,189.14 1 40224
github.com/HeaInSeo/dag-go/node.go:190.23,191.22 1 8
github.com/HeaInSeo/dag-go/node.go:206.68,207.14 1 20224
github.com/HeaInSeo/dag-go/node.go:207.14,209.3 1 0
github.com/HeaInSeo/dag-go/node.go:214.2,221.24 4 20224
github.com/HeaInSeo/dag-go/node.go:221.24,224.3 2 20217
github.com/HeaInSeo/dag-go/node.go:226.2,226.36 1 20224
github.com/HeaInSeo/dag-go/node.go:226.36,227.16 1 40248
github.com/HeaInSeo/dag-go/node.go:227.16,234.23 3 0
github.com/HeaInSeo/dag-go/node.go:234.23,236.5 1 0
github.com/HeaInSeo/dag-go/node.go:237.4,237.9 1 0
github.com/HeaInSeo/dag-go/node.go:239.3,239.70 1 40248
github.com/HeaInSeo/dag-go/node.go:242.2,243.16 2 20224
github.com/HeaInSeo/dag-go/node.go:243.16,247.3 3 20204
github.com/HeaInSeo/dag-go/node.go:249.2,251.24 3 20
github.com/HeaInSeo/dag-go/node.go:251.24,253.3 1 17
github.com/HeaInSeo/dag-go/node.go:255.2,257.51 3 20
github.com/HeaInSeo/dag-go/node.go:262.58,263.14 1 20202
github.com/HeaInSeo/dag-go/node.go:263.14,265.3 1 1
github.com/HeaInSeo/dag-go/node.go:268.2,268.42 1 20201
github.com/HeaInSeo/dag-go/node.go:268.42,272.3 3 116
github.com/HeaInSeo/dag-go/node.go:277.2,277.19 1 20085
github.com/HeaInSeo/dag-go/node.go:277.19,278.40 1 20084
github.com/HeaInSeo/dag-go/node.go:278.40,282.26 4 11
github.com/HeaInSeo/dag-go/node.go:282.26,284.5 1 11
github.com/HeaInSeo/dag-go/node.go:286.8,288.3 1 1
github.com/HeaInSeo/dag-go/node.go:290.2,290.19 1 20085
github.com/HeaInSeo/dag-go/node.go:290.19,293.3 2 20073
github.com/HeaInSeo/dag-go/node.go:294.2,295.45 2 12
github.com/HeaInSeo/dag-go/node.go:301.60,302.14 1 20191
github.com/HeaInSeo/dag-go/node.go:302.14,304.3 1 1
github.com/HeaInSeo/dag-go/node.go:306.2,306.21 1 20190
github.com/HeaInSeo/dag-go/node.go:306.21,309.3 2 53
github.com/HeaInSeo/dag-go/node.go:311.2,312.19 2 20137
github.com/HeaInSeo/dag-go/node.go:312.19,314.3 1 20137
github.com/HeaInSeo/dag-go/node.go:314.8,316.3 1 0
github.com/HeaInSeo/dag-go/node.go:320.2,320.38 1 20137
github.com/HeaInSeo/dag-go/node.go:320.38,321.36 1 40134
github.com/HeaInSeo/dag-go/node.go:321.36,323.4 1 1
github.com/HeaInSeo/dag-go/node.go:326.2,329.41 3 20137
github.com/HeaInSeo/dag-go/node.go:333.51,335.2 1 20084
github.com/HeaInSeo/dag-go/node.go:338.40,342.2 3 1325
github.com/HeaInSeo/dag-go/node.go:347.70,348.38 1 29
github.com/HeaInSeo/dag-go/node.go:348.38,349.32 1 20
github.com/HeaInSeo/dag-go/node.go:349.32,351.4 1 3
github.com/HeaInSeo/dag-go/node.go:357.26,359.3 1 983
github.com/HeaInSeo/dag-go/node.go:363.71,368.2 4 121237
github.com/HeaInSeo/dag-go/node.go:371.42,375.2 3 121154
github.com/HeaInSeo/dag-go/node_nopprof.go:9.72,9.73 0 40248
github.com/HeaInSeo/dag-go/runner.go:25.40,27.2 1 1360
github.com/HeaInSeo/dag-go/runner.go:30.38,32.14 2 20093
github.com/HeaInSeo/dag-go/runner.go:32.14,34.3 1 5
github.com/HeaInSeo/dag-go/runner.go:35.2,35.26 1 20088
github.com/HeaInSeo/dag-go/runner.go:40.45,42.35 1 20087
github.com/HeaInSeo/dag-go/runner.go:42.35,44.3 1 14
github.com/HeaInSeo/dag-go/runner.go:47.2,49.32 3 20073
github.com/HeaInSeo/dag-go/runner.go:49.32,54.3 4 20071
github.com/HeaInSeo/dag-go/runner.go:55.2,55.15 1 20073
github.com/HeaInSeo/dag-go/runner.go:55.15,56.27 1 2
github.com/HeaInSeo/dag-go/runner.go:56.27,58.4 1 1
github.com/HeaInSeo/dag-go/runner.go:60.2,60.13 1 20072
github.com/HeaInSeo/dag-go/runner.go:65.43,69.35 3 2
github.com/HeaInSeo/dag-go/runner.go:69.35,72.3 1 1
github.com/HeaInSeo/dag-go/runner.go:73.2,74.13 2 1
github.com/HeaInSeo/dag-go/runner.go:80.53,82.14 2 20086
github.com/HeaInSeo/dag-go/runner.go:82.14,84.3 1 2
github.com/HeaInSeo/dag-go/runner.go:85.2,85.26 1 20084
github.com/HeaInSeo/dag-go/safechannel.go:26.59,31.2 1 60976
github.com/HeaInSeo/dag-go/safechannel.go:39.46,43.15 3 373
github.com/HeaInSeo/dag-go/safechannel.go:43.15,45.3 1 2
github.com/HeaInSeo/dag-go/safechannel.go:47.2,47.9 1 371
github.com/HeaInSeo/dag-go/safechannel.go:48.17,49.15 1 0
github.com/HeaInSeo/dag-go/safechannel.go:50.10,50.10 0 371
github.com/HeaInSeo/dag-go/safechannel.go:52.2,52.9 1 371
github.com/HeaInSeo/dag-go/safechannel.go:53.22,54.14 1 179
github.com/HeaInSeo/dag-go/safechannel.go:55.10,56.15 1 192
github.com/HeaInSeo/dag-go/safechannel.go:75.75,79.15 3 161312
github.com/HeaInSeo/dag-go/safechannel.go:79.15,81.3 1 34
github.com/HeaInSeo/dag-go/safechannel.go:82.2,82.9 1 161278
github.com/HeaInSeo/dag-go/safechannel.go:83.22,84.14 1 161257
github.com/HeaInSeo/dag-go/safechannel.go:85.20,86.15 1 20
github.com/HeaInSeo/dag-go/safechannel.go:87.17,88.15 1 1
github.com/HeaInSeo/dag-go/safechannel.go:100.47,103.24 1 60548
github.com/HeaInSeo/dag-go/safechannel.go:103.24,103.42 1 60540
github.com/HeaInSeo/dag-go/safechannel.go:105.2,108.15 3 60548
github.com/HeaInSeo/dag-go/safechannel.go:108.15,110.3 1 8
github.com/HeaInSeo/dag-go/safechannel.go:113.2,113.15 1 60540
github.com/HeaInSeo/dag-go/safechannel.go:113.15,114.31 1 60540
github.com/HeaInSeo/dag-go/safechannel.go:114.31,116.4 1 0
github.com/HeaInSeo/dag-go/safechannel.go:119.2,121.12 3 60540
github.com/HeaInSeo/dag-go/safechannel.go:125.43,129.2 3 40155
github.com/HeaInSeo/dag-go/safechannel.go:132.47,134.2 1 120977
